---
source: tui/src/bottom_pane/chat_composer.rs
assertion_line: 4341
expression: terminal.backend()
---
"                                                                                                    "
"› Transparent background                                                                            "
"                                                                                                    "
"                                                                                                    "
"                                                                                                    "
"                                                                                                    "
"                                                                                                    "
"                                                                                                    "
"                                                                                 100% context left  "
